// Jest Snapshot v1, https://goo.gl/fbAQLP

exports[`Pruebas en <AppRouter /> debe de mostrarse correctamente 1`] = `
<div>
  <nav
    className="navbar navbar-expand-lg navbar-dark bg-dark"
  >
    <div
      className="container-fluid"
    >
      <a
        className="navbar-brand"
        href="/"
        onClick={[Function]}
      >
        Context
      </a>
      <div
        className="collapse navbar-collapse"
        id="navbarNavAltMarkup"
      >
        <div
          className="navbar-nav"
        >
          <a
            className="nav-link active"
            href="/"
            onClick={[Function]}
          >
            Home
          </a>
          <a
            className="nav-link active"
            href="/about"
            onClick={[Function]}
          >
            About
          </a>
          <a
            className="nav-link active"
            href="/login"
            onClick={[Function]}
          >
            Login
          </a>
        </div>
      </div>
    </div>
  </nav>
  <div
    className="container mt-5"
  >
    <div>
      <h2>
        HomeScreen
      </h2>
      <hr />
      <pre>
        {
    "id": 1,
    "name": "will",
    "emai": "will@will.com"
}
      </pre>
    </div>
  </div>
</div>
`;
