// Jest Snapshot v1, https://goo.gl/fbAQLP

exports[`Pruebas con <TaskApp /> debe mostrarse correctamente  1`] = `
<div>
  <h1>
    TaskApp( 
    0
     )
  </h1>
  <hr />
  <div
    className="row"
  >
    <div
      className="col-7"
    >
      <TaskList
        complete={[Function]}
        handleDelete={[Function]}
        tasks={Array []}
      />
    </div>
    <div
      className="col-5 mx-auto"
    >
      <TaskAdd
        handleAdd={[Function]}
      />
    </div>
  </div>
</div>
`;
